// Vitest Snapshot v1, https://vitest.dev/guide/snapshot.html

exports[`NavbarMenuList > NavbarMenuList should match snapshot 1`] = `
<div>
  <div>
    <button>
      retry
    </button>
    <div
      style="padding: .5rem; max-width: 100%;"
    >
      <div
        style="display: flex; align-items: center; gap: .5rem;"
      >
        <strong
          style="font-size: 1rem;"
        >
          Something went wrong!
        </strong>
        <button
          style="appearance: none; font-size: .6em; border: 1px solid currentcolor; padding: .1rem .2rem; font-weight: bold; border-radius: .25rem;"
        >
          Hide Error
        </button>
      </div>
      <div
        style="height: .25rem;"
      />
      <div>
        <pre
          style="font-size: .7em; border: 1px solid red; border-radius: .25rem; padding: .3rem; color: red; overflow: auto;"
        >
          <code>
            No QueryClient set, use QueryClientProvider to set one
          </code>
        </pre>
      </div>
    </div>
  </div>
</div>
`;
